gt/edu/miumg/programacion1/biblioteca/controladores/PrestarContoller.class
gt/edu/miumg/programacion1/biblioteca/vistas/LibroForm.class
gt/edu/miumg/programacion1/biblioteca/util/ImageRenderer.class
gt/edu/miumg/programacion1/biblioteca/datasources/LibroData$1.class
gt/edu/miumg/programacion1/biblioteca/Biblioteca.class
gt/edu/miumg/programacion1/biblioteca/controladores/UsuarioController$1.class
gt/edu/miumg/programacion1/biblioteca/datasources/RolData.class
gt/edu/miumg/programacion1/biblioteca/modelos/Autor.class
gt/edu/miumg/programacion1/biblioteca/datasources/ResenaData$1.class
gt/edu/miumg/programacion1/biblioteca/controladores/AutorController$2.class
gt/edu/miumg/programacion1/biblioteca/modelos/RecordarUsuario.class
gt/edu/miumg/programacion1/biblioteca/controladores/AutorController.class
gt/edu/miumg/programacion1/biblioteca/util/Password.class
gt/edu/miumg/programacion1/biblioteca/vistas/DevolucionesForm$1.class
gt/edu/miumg/programacion1/biblioteca/modelos/Usuario.class
gt/edu/miumg/programacion1/biblioteca/vistas/AutorForm.class
gt/edu/miumg/programacion1/biblioteca/modelos/Resena.class
gt/edu/miumg/programacion1/biblioteca/vistas/PrestamosForm.class
gt/edu/miumg/programacion1/biblioteca/modelos/Sesion.class
gt/edu/miumg/programacion1/biblioteca/util/SwingControls.class
gt/edu/miumg/programacion1/biblioteca/datasources/LibroData.class
gt/edu/miumg/programacion1/biblioteca/controladores/LibroController$2.class
gt/edu/miumg/programacion1/biblioteca/vistas/MenuForm.class
gt/edu/miumg/programacion1/biblioteca/util/LookAndFeel.class
gt/edu/miumg/programacion1/biblioteca/controladores/MenuController.class
gt/edu/miumg/programacion1/biblioteca/controladores/LibroController.class
gt/edu/miumg/programacion1/biblioteca/datasources/ResenaData.class
gt/edu/miumg/programacion1/biblioteca/datasources/PrestamoData$1.class
gt/edu/miumg/programacion1/biblioteca/modelos/Rol.class
gt/edu/miumg/programacion1/biblioteca/controladores/LibroController$1.class
gt/edu/miumg/programacion1/biblioteca/datasources/AutorData$1.class
gt/edu/miumg/programacion1/biblioteca/controladores/LoginController.class
gt/edu/miumg/programacion1/biblioteca/controladores/UsuarioController$2.class
gt/edu/miumg/programacion1/biblioteca/controladores/UsuarioController.class
gt/edu/miumg/programacion1/biblioteca/vistas/UsuarioForm$1.class
gt/edu/miumg/programacion1/biblioteca/util/LocalDateAdapter.class
gt/edu/miumg/programacion1/biblioteca/datasources/AutorData.class
gt/edu/miumg/programacion1/biblioteca/vistas/DevolucionesForm.class
gt/edu/miumg/programacion1/biblioteca/vistas/UsuarioForm.class
gt/edu/miumg/programacion1/biblioteca/util/FileInitializer.class
gt/edu/miumg/programacion1/biblioteca/vistas/PrestamosForm$1.class
gt/edu/miumg/programacion1/biblioteca/util/StarRatingRenderer.class
gt/edu/miumg/programacion1/biblioteca/datasources/UsuarioData.class
gt/edu/miumg/programacion1/biblioteca/modelos/LibroAutor.class
gt/edu/miumg/programacion1/biblioteca/datasources/UsuarioData$1.class
gt/edu/miumg/programacion1/biblioteca/datasources/RolData$1.class
gt/edu/miumg/programacion1/biblioteca/util/YearAdapter.class
gt/edu/miumg/programacion1/biblioteca/controladores/AutorController$1.class
gt/edu/miumg/programacion1/biblioteca/util/LocalDateTimeAdapter.class
gt/edu/miumg/programacion1/biblioteca/modelos/HistorialPrestamo.class
gt/edu/miumg/programacion1/biblioteca/modelos/Libro.class
gt/edu/miumg/programacion1/biblioteca/vistas/LibroForm$1.class
gt/edu/miumg/programacion1/biblioteca/datasources/RecordarUsuarioData.class
gt/edu/miumg/programacion1/biblioteca/datasources/PrestamoData.class
gt/edu/miumg/programacion1/biblioteca/util/TabOrderPolicy.class
gt/edu/miumg/programacion1/biblioteca/controladores/DevolverController.class
gt/edu/miumg/programacion1/biblioteca/vistas/LoginForm.class
gt/edu/miumg/programacion1/biblioteca/vistas/AutorForm$1.class
