/home/wgarciac/NetBeansProjects/Biblioteca/src/main/java/gt/edu/miumg/programacion1/biblioteca/Biblioteca.java
/home/wgarciac/NetBeansProjects/Biblioteca/src/main/java/gt/edu/miumg/programacion1/biblioteca/controladores/AutorController.java
/home/wgarciac/NetBeansProjects/Biblioteca/src/main/java/gt/edu/miumg/programacion1/biblioteca/controladores/DevolverController.java
/home/wgarciac/NetBeansProjects/Biblioteca/src/main/java/gt/edu/miumg/programacion1/biblioteca/controladores/LibroController.java
/home/wgarciac/NetBeansProjects/Biblioteca/src/main/java/gt/edu/miumg/programacion1/biblioteca/controladores/LoginController.java
/home/wgarciac/NetBeansProjects/Biblioteca/src/main/java/gt/edu/miumg/programacion1/biblioteca/controladores/MenuController.java
/home/wgarciac/NetBeansProjects/Biblioteca/src/main/java/gt/edu/miumg/programacion1/biblioteca/controladores/PrestarContoller.java
/home/wgarciac/NetBeansProjects/Biblioteca/src/main/java/gt/edu/miumg/programacion1/biblioteca/controladores/UsuarioController.java
/home/wgarciac/NetBeansProjects/Biblioteca/src/main/java/gt/edu/miumg/programacion1/biblioteca/datasources/AutorData.java
/home/wgarciac/NetBeansProjects/Biblioteca/src/main/java/gt/edu/miumg/programacion1/biblioteca/datasources/LibroData.java
/home/wgarciac/NetBeansProjects/Biblioteca/src/main/java/gt/edu/miumg/programacion1/biblioteca/datasources/PrestamoData.java
/home/wgarciac/NetBeansProjects/Biblioteca/src/main/java/gt/edu/miumg/programacion1/biblioteca/datasources/RecordarUsuarioData.java
/home/wgarciac/NetBeansProjects/Biblioteca/src/main/java/gt/edu/miumg/programacion1/biblioteca/datasources/ResenaData.java
/home/wgarciac/NetBeansProjects/Biblioteca/src/main/java/gt/edu/miumg/programacion1/biblioteca/datasources/RolData.java
/home/wgarciac/NetBeansProjects/Biblioteca/src/main/java/gt/edu/miumg/programacion1/biblioteca/datasources/UsuarioData.java
/home/wgarciac/NetBeansProjects/Biblioteca/src/main/java/gt/edu/miumg/programacion1/biblioteca/modelos/Autor.java
/home/wgarciac/NetBeansProjects/Biblioteca/src/main/java/gt/edu/miumg/programacion1/biblioteca/modelos/HistorialPrestamo.java
/home/wgarciac/NetBeansProjects/Biblioteca/src/main/java/gt/edu/miumg/programacion1/biblioteca/modelos/Libro.java
/home/wgarciac/NetBeansProjects/Biblioteca/src/main/java/gt/edu/miumg/programacion1/biblioteca/modelos/LibroAutor.java
/home/wgarciac/NetBeansProjects/Biblioteca/src/main/java/gt/edu/miumg/programacion1/biblioteca/modelos/RecordarUsuario.java
/home/wgarciac/NetBeansProjects/Biblioteca/src/main/java/gt/edu/miumg/programacion1/biblioteca/modelos/Resena.java
/home/wgarciac/NetBeansProjects/Biblioteca/src/main/java/gt/edu/miumg/programacion1/biblioteca/modelos/Rol.java
/home/wgarciac/NetBeansProjects/Biblioteca/src/main/java/gt/edu/miumg/programacion1/biblioteca/modelos/Sesion.java
/home/wgarciac/NetBeansProjects/Biblioteca/src/main/java/gt/edu/miumg/programacion1/biblioteca/modelos/Usuario.java
/home/wgarciac/NetBeansProjects/Biblioteca/src/main/java/gt/edu/miumg/programacion1/biblioteca/util/FileInitializer.java
/home/wgarciac/NetBeansProjects/Biblioteca/src/main/java/gt/edu/miumg/programacion1/biblioteca/util/ImageRenderer.java
/home/wgarciac/NetBeansProjects/Biblioteca/src/main/java/gt/edu/miumg/programacion1/biblioteca/util/LocalDateAdapter.java
/home/wgarciac/NetBeansProjects/Biblioteca/src/main/java/gt/edu/miumg/programacion1/biblioteca/util/LocalDateTimeAdapter.java
/home/wgarciac/NetBeansProjects/Biblioteca/src/main/java/gt/edu/miumg/programacion1/biblioteca/util/LookAndFeel.java
/home/wgarciac/NetBeansProjects/Biblioteca/src/main/java/gt/edu/miumg/programacion1/biblioteca/util/Password.java
/home/wgarciac/NetBeansProjects/Biblioteca/src/main/java/gt/edu/miumg/programacion1/biblioteca/util/StarRatingRenderer.java
/home/wgarciac/NetBeansProjects/Biblioteca/src/main/java/gt/edu/miumg/programacion1/biblioteca/util/SwingControls.java
/home/wgarciac/NetBeansProjects/Biblioteca/src/main/java/gt/edu/miumg/programacion1/biblioteca/util/TabOrderPolicy.java
/home/wgarciac/NetBeansProjects/Biblioteca/src/main/java/gt/edu/miumg/programacion1/biblioteca/util/YearAdapter.java
/home/wgarciac/NetBeansProjects/Biblioteca/src/main/java/gt/edu/miumg/programacion1/biblioteca/vistas/AutorForm.java
/home/wgarciac/NetBeansProjects/Biblioteca/src/main/java/gt/edu/miumg/programacion1/biblioteca/vistas/DevolucionesForm.java
/home/wgarciac/NetBeansProjects/Biblioteca/src/main/java/gt/edu/miumg/programacion1/biblioteca/vistas/LibroForm.java
/home/wgarciac/NetBeansProjects/Biblioteca/src/main/java/gt/edu/miumg/programacion1/biblioteca/vistas/LoginForm.java
/home/wgarciac/NetBeansProjects/Biblioteca/src/main/java/gt/edu/miumg/programacion1/biblioteca/vistas/MenuForm.java
/home/wgarciac/NetBeansProjects/Biblioteca/src/main/java/gt/edu/miumg/programacion1/biblioteca/vistas/PrestamosForm.java
/home/wgarciac/NetBeansProjects/Biblioteca/src/main/java/gt/edu/miumg/programacion1/biblioteca/vistas/UsuarioForm.java
